---
source: crates/aranya-policy-compiler/tests/tests.rs
assertion_line: 229
expression: module
---
Module {
    version: "1",
    labels: {},
    action_defs: [],
    command_defs: [],
    fact_defs: [],
    struct_defs: [],
    enum_defs: [],
    globals: {
        "x": Option(
            None,
        ),
    },
    ..
}
---
    exit panic
