---
source: crates/aranya-policy-compiler/tests/tests.rs
assertion_line: 199
expression: module
---
Module {
    version: "0",
    labels: {
        <action 'bar'>: 1,
        <action 'foo'>: 4,
    },
    action_defs: [
        ActionDef {
            name: "bar",
            persistence: Persistent,
            params: [
                Field {
                    name: "n",
                    ty: Int,
                },
                Field {
                    name: "s",
                    ty: String,
                },
            ],
            result_type: Unit,
        },
        ActionDef {
            name: "foo",
            persistence: Persistent,
            params: [],
            result_type: Unit,
        },
    ],
    command_defs: [],
    fact_defs: [],
    struct_defs: [],
    enum_defs: [],
    globals: {},
    ..
}
---
    exit panic
<action 'bar'>:
    def 's'
    def 'n'
    return
<action 'foo'>:
    const 1
    const "abc"
    call <action 'bar'>
    return
