---
source: crates/aranya-policy-compiler/tests/tests.rs
expression: module
---
Module (version 0)

labels:
	action:test -> 1

action_defs:
	test:
		persistence: persistent
		params:

command_defs:

fact_defs:

struct_defs:

enum_defs:
	Result:
		Err = 1
		OK = 0

globals:

program memory:
	exit panic
	const Result::0
	meta: Set `ok`
	def ok
	meta: Get `ok`
	get ok
	const Result::0
	eq
	branch 10
	exit check
	meta: Get `ok`
	get ok
	const Result::1
	eq
	not
	branch 17
	exit check
	meta: Get `ok`
	get ok
	dup
	const Result::0
	eq
	branch 27
	dup
	const Result::1
	eq
	branch 31
	block
	pop
	end
	jump 35
	block
	pop
	end
	jump 35
	return
