---
source: crates/aranya-policy-lang/src/lang/parse/tests.rs
expression: expr_parsed
---
{
  "kind": {
    "Unwrap": {
      "kind": {
        "FunctionCall": {
          "identifier": {
            "name": "call",
            "span": {
              "start": 7,
              "end": 11
            }
          },
          "arguments": [
            {
              "kind": {
                "Unwrap": {
                  "kind": {
                    "FunctionCall": {
                      "identifier": {
                        "name": "add",
                        "span": {
                          "start": 19,
                          "end": 22
                        }
                      },
                      "arguments": [
                        {
                          "kind": {
                            "Int": 3
                          },
                          "span": {
                            "start": 23,
                            "end": 24
                          }
                        },
                        {
                          "kind": {
                            "Int": 7
                          },
                          "span": {
                            "start": 26,
                            "end": 27
                          }
                        }
                      ]
                    }
                  },
                  "span": {
                    "start": 19,
                    "end": 28
                  }
                }
              },
              "span": {
                "start": 12,
                "end": 28
              }
            },
            {
              "kind": {
                "FunctionCall": {
                  "identifier": {
                    "name": "saturating_sub",
                    "span": {
                      "start": 30,
                      "end": 44
                    }
                  },
                  "arguments": [
                    {
                      "kind": {
                        "Int": 0
                      },
                      "span": {
                        "start": 45,
                        "end": 46
                      }
                    },
                    {
                      "kind": {
                        "Identifier": {
                          "name": "b",
                          "span": {
                            "start": 48,
                            "end": 49
                          }
                        }
                      },
                      "span": {
                        "start": 48,
                        "end": 49
                      }
                    }
                  ]
                }
              },
              "span": {
                "start": 30,
                "end": 50
              }
            },
            {
              "kind": {
                "String": "foo{"
              },
              "span": {
                "start": 52,
                "end": 61
              }
            }
          ]
        }
      },
      "span": {
        "start": 7,
        "end": 62
      }
    }
  },
  "span": {
    "start": 0,
    "end": 62
  }
}
