---
source: crates/aranya-policy-compiler/tests/tests.rs
expression: module
---
Module {
    version: "0",
    labels: {
        Label {
            name: "f",
            ltype: Action,
        }: 1,
    },
    action_defs: NamedMap {
        set: {
            ByName(
                ActionDef {
                    name: "f" @ 7..8,
                    persistence: Persistent,
                    params: NamedMap {
                        set: {
                            ByName(
                                Param {
                                    name: "n" @ 9..10,
                                    ty: Int @ 11..14,
                                },
                            ),
                        },
                    },
                },
            ),
        },
    },
    command_defs: NamedMap {
        set: {},
    },
    fact_defs: {},
    struct_defs: {},
    enum_defs: {},
    globals: {},
    program memory: [
        Exit(
            Panic,
        ),
        Meta(
            Let(
                "n",
            ),
        ),
        Def(
            "n",
        ),
        Meta(
            Get(
                "n",
            ),
        ),
        Get(
            "n",
        ),
        Const(
            Int(
                1,
            ),
        ),
        Gt,
        Branch(
            Resolved(
                12,
            ),
        ),
        Block,
        Const(
            Int(
                0,
            ),
        ),
        End,
        Jump(
            Resolved(
                22,
            ),
        ),
        Block,
        Meta(
            Get(
                "n",
            ),
        ),
        Get(
            "n",
        ),
        Const(
            Int(
                1,
            ),
        ),
        SaturatingAdd,
        Meta(
            Let(
                "x",
            ),
        ),
        Def(
            "x",
        ),
        Meta(
            Get(
                "x",
            ),
        ),
        Get(
            "x",
        ),
        End,
        Meta(
            Let(
                "x",
            ),
        ),
        Def(
            "x",
        ),
        Return,
    ],
    ..
}
