---
source: crates/aranya-policy-lang/tests/tests.rs
expression: tokens
---
[
    (
        Struct,
        0..6,
    ),
    (
        Identifier(
            "Foo",
        ),
        7..10,
    ),
    (
        OpenBrace,
        11..12,
    ),
    (
        CloseBrace,
        12..13,
    ),
    (
        Identifier(
            "function",
        ),
        15..23,
    ),
    (
        Identifier(
            "maybe_maybe_foo",
        ),
        24..39,
    ),
    (
        OpenParen,
        39..40,
    ),
    (
        CloseParen,
        40..41,
    ),
    (
        Optional,
        42..50,
    ),
    (
        Optional,
        51..59,
    ),
    (
        Struct,
        60..66,
    ),
    (
        Identifier(
            "Foo",
        ),
        67..70,
    ),
    (
        OpenBrace,
        71..72,
    ),
    (
        Return,
        77..83,
    ),
    (
        None,
        84..88,
    ),
    (
        CloseBrace,
        89..90,
    ),
]
