---
source: crates/aranya-policy-lang/tests/tests.rs
expression: tokens
---
[
    (
        Identifier(
            "function",
        ),
        0..8,
    ),
    (
        Identifier(
            "maybe_maybe_int",
        ),
        9..24,
    ),
    (
        OpenParen,
        24..25,
    ),
    (
        CloseParen,
        25..26,
    ),
    (
        Option,
        27..33,
    ),
    (
        OpenBracket,
        33..34,
    ),
    (
        Optional,
        34..42,
    ),
    (
        Identifier(
            "int",
        ),
        43..46,
    ),
    (
        CloseBracket,
        46..47,
    ),
    (
        OpenBrace,
        48..49,
    ),
    (
        Return,
        54..60,
    ),
    (
        None,
        61..65,
    ),
    (
        CloseBrace,
        66..67,
    ),
]
