---
source: crates/aranya-policy-lang/tests/tests.rs
expression: tokens
---
[
    (
        Function,
        0..8,
    ),
    (
        Identifier(
            "maybe_maybe_int",
        ),
        9..24,
    ),
    (
        OpenParen,
        24..25,
    ),
    (
        CloseParen,
        25..26,
    ),
    (
        Option,
        27..33,
    ),
    (
        OpenBracket,
        33..34,
    ),
    (
        Option,
        34..40,
    ),
    (
        OpenBracket,
        40..41,
    ),
    (
        Identifier(
            "int",
        ),
        41..44,
    ),
    (
        CloseBracket,
        44..45,
    ),
    (
        CloseBracket,
        45..46,
    ),
    (
        OpenBrace,
        47..48,
    ),
    (
        Return,
        53..59,
    ),
    (
        None,
        60..64,
    ),
    (
        CloseBrace,
        65..66,
    ),
]
