---
source: crates/aranya-policy-compiler/tests/tests.rs
assertion_line: 199
expression: module
---
Module {
    version: "0",
    labels: {
        <policy 'Cmd'>: 1,
        <seal 'Cmd'>: 11,
        <open 'Cmd'>: 17,
        <recall 'Cmd_recall_handle'>: 7,
    },
    action_defs: {},
    command_defs: {
        CommandDef {
            name: "Cmd" @ 8..11,
            persistence: Persistent,
            attributes: {},
            fields: {
                Field {
                    name: "x" @ 27..28,
                    ty: Int @ 29..32,
                },
            },
        },
    },
    fact_defs: {},
    struct_defs: {
        "Cmd": [
            FieldDefinition {
                identifier: "x" @ 27..28,
                field_type: Int @ 29..32,
            },
        ],
    },
    enum_defs: {},
    globals: {},
    ..
}
---
    exit panic
<policy 'Cmd'>:
    def 'envelope'
    def 'this'
    get 'this'
    struct.get 'x'
    exit check: Cmd_recall_handle
    exit panic
<recall 'Cmd_recall_handle'>:
    def 'envelope'
    def 'this'
    def 'x'
    exit normal
<seal 'Cmd'>:
    def 'this'
    save SP
    exit panic
    restore SP
    return
    exit panic
<open 'Cmd'>:
    def 'envelope'
    save SP
    exit panic
    restore SP
    return
    exit panic
