---
source: crates/aranya-policy-compiler/tests/tests.rs
expression: module
---
Module {
    version: "0",
    labels: {
        <policy 'Foo'>: 1,
        <recall 'Foo'>: 8,
        <seal 'Foo'>: 11,
        <open 'Foo'>: 17,
    },
    action_defs: {},
    command_defs: {
        CommandDef {
            name: "Foo" @ 59..62,
            persistence: Persistent,
            attributes: {},
            fields: {
                Field {
                    name: "a" @ 0..0,
                    ty: Int @ 0..0,
                },
                Field {
                    name: "b" @ 0..0,
                    ty: String @ 0..0,
                },
                Field {
                    name: "c" @ 100..101,
                    ty: Bool @ 0..0,
                },
            },
        },
    },
    fact_defs: {},
    struct_defs: {
        "Bar": [
            FieldDefinition {
                identifier: "a" @ 13..14,
                field_type: Int @ 15..18,
            },
        ],
        "Baz": [
            FieldDefinition {
                identifier: "a" @ 0..0,
                field_type: Int @ 0..0,
            },
            FieldDefinition {
                identifier: "b" @ 0..0,
                field_type: String @ 0..0,
            },
        ],
        "Foo": [
            FieldDefinition {
                identifier: "a" @ 0..0,
                field_type: Int @ 0..0,
            },
            FieldDefinition {
                identifier: "b" @ 0..0,
                field_type: String @ 0..0,
            },
            FieldDefinition {
                identifier: "c" @ 0..0,
                field_type: Bool @ 0..0,
            },
        ],
    },
    enum_defs: {},
    globals: {},
    program memory: 
    	exit panic
    	def 'envelope'
    	def 'this'
    	meta: finish enabled
    	block
    	end
    	exit normal
    	exit panic
    	def 'envelope'
    	def 'this'
    	return
    	def 'this'
    	save SP
    	exit panic
    	restore SP
    	return
    	exit panic
    	def 'envelope'
    	save SP
    	exit panic
    	restore SP
    	return
    	exit panic
    ,
    ..
}
