---
source: crates/aranya-policy-compiler/tests/tests.rs
expression: module
---
data:
  version: V0
  progmem:
    - Exit: Panic
    - FactNew: Foo
    - Const:
        Int: 1
    - FactKeySet: i
    - Query
    - Const:
        Option: ~
    - Eq
    - Not
    - Branch:
        Resolved: 10
    - Exit: Check
    - Return
  labels:
    ? name: test
      ltype: Action
    : 1
  action_defs:
    - name:
        name: test
        span:
          start: 37
          end: 41
      persistence: Persistent
      params: []
  command_defs: []
  fact_defs:
    Foo:
      immutable: false
      identifier:
        name: Foo
        span:
          start: 5
          end: 8
      key:
        - identifier:
            name: i
            span:
              start: 9
              end: 10
          field_type:
            kind: Int
            span:
              start: 11
              end: 14
      value:
        - identifier:
            name: a
            span:
              start: 20
              end: 21
          field_type:
            kind: String
            span:
              start: 22
              end: 28
      span:
        start: 0
        end: 29
  struct_defs:
    Foo:
      - identifier:
          name: i
          span:
            start: 9
            end: 10
        field_type:
          kind: Int
          span:
            start: 11
            end: 14
      - identifier:
          name: a
          span:
            start: 20
            end: 21
        field_type:
          kind: String
          span:
            start: 22
            end: 28
  enum_defs: {}
  codemap:
    text: "[source code]"
    mapping:
      - - 1
        - start: 50
          end: 83
  globals: {}
