---
source: crates/aranya-policy-compiler/tests/tests.rs
expression: module
---
Module {
    version: "0",
    labels: {
        <action "f">: 1,
    },
    action_defs: {
        ActionDef {
            name: "f" @ 7..8,
            persistence: Persistent,
            params: {
                Param {
                    name: "n" @ 9..10,
                    ty: Int @ 11..14,
                },
            },
        },
    },
    command_defs: {},
    fact_defs: {},
    struct_defs: {},
    enum_defs: {},
    globals: {},
    program memory: 
    	exit panic
    	meta: Set `n`
    	def n
    	meta: Get `n`
    	get n
    	dup
    	const 0
    	eq
    	branch 10
    	jump 15
    	block
    	pop
    	const false
    	end
    	jump 20
    	block
    	pop
    	const true
    	end
    	jump 20
    	meta: Set `b`
    	def b
    	meta: Get `b`
    	get b
    	branch 26
    	exit check
    	return
    ,
    ..
}
