---
source: crates/aranya-policy-compiler/tests/tests.rs
expression: module
---
Module (version 0)

labels:
	fn:f -> 1

action_defs:

command_defs:

fact_defs:

struct_defs:

enum_defs:

globals:

program memory:
	exit panic
	meta: Set `n`
	def n
	save SP
	meta: Get `n`
	get n
	dup
	const 0
	eq
	branch 11
	jump 16
	block
	pop
	const 1
	end
	jump 23
	block
	pop
	const 2
	restore SP
	return
	end
	jump 23
	meta: Set `x`
	def x
	meta: Get `x`
	get x
	restore SP
	return
	exit panic
