---
source: crates/aranya-policy-compiler/tests/tests.rs
expression: module
---
Module {
    version: "0",
    labels: {
        <fn "f">: 1,
    },
    action_defs: {},
    command_defs: {},
    fact_defs: {},
    struct_defs: {},
    enum_defs: {},
    globals: {},
    program memory: 
    	exit panic
    	def n
    	save SP
    	get n
    	dup
    	const 0
    	eq
    	branch 9
    	jump 14
    	block
    	pop
    	const 1
    	end
    	jump 21
    	block
    	pop
    	const 2
    	restore SP
    	return
    	end
    	jump 21
    	def x
    	get x
    	restore SP
    	return
    	exit panic
    ,
    ..
}
