---
source: crates/aranya-policy-compiler/tests/tests.rs
expression: error
---
Missing default pattern in `match` statement/expression at line 11 col 13:
	match c {
        ColorName {  color: LightColor::Red, name: "red" } => 0
        ColorName {  color: LightColor::Yellow, name: "yellow" } => 1
        ColorName {  color: LightColor::Green, name: "green" } => 2
    }
