---
source: crates/aranya-policy-compiler/tests/tests.rs
expression: module
---
Module (version 0)

labels:
	fn:get_foo -> 1

action_defs:

command_defs:

fact_defs:
	Foo (mutable)
		key:
			a: int
		value:
			b: int

struct_defs:
	Foo:
		a: int
		b: int

enum_defs:

globals:

program memory:
	exit panic
	meta: Set `a`
	def a
	save SP
	fact.new Foo
	meta: Get `a`
	get a
	fact.kset a
	query
	dup
	const None
	eq
	not
	branch 15
	exit panic
	unwrap some
	meta: Set `foo`
	def foo
	meta: Get `foo`
	get foo
	restore SP
	return
	exit panic
