---
source: crates/aranya-policy-compiler/tests/tests.rs
expression: module
---
data:
  version: V0
  progmem:
    - Exit: Panic
  labels: {}
  action_defs: []
  command_defs: []
  fact_defs: {}
  struct_defs:
    Bar:
      - identifier:
          name: a
          span:
            start: 13
            end: 14
        field_type:
          kind: Int
          span:
            start: 15
            end: 18
    Baz:
      - identifier:
          name: c
          span:
            start: 34
            end: 35
        field_type:
          kind: Bool
          span:
            start: 36
            end: 40
    Foo:
      - identifier:
          name: a
          span:
            start: 0
            end: 0
        field_type:
          kind: Int
          span:
            start: 0
            end: 0
      - identifier:
          name: b
          span:
            start: 0
            end: 0
        field_type:
          kind: String
          span:
            start: 0
            end: 0
      - identifier:
          name: c
          span:
            start: 0
            end: 0
        field_type:
          kind: Bool
          span:
            start: 0
            end: 0
  enum_defs: {}
  codemap:
    text: "[source code]"
    mapping: []
  globals: {}
