---
source: crates/aranya-policy-compiler/tests/tests.rs
expression: module
---
Module (version 0)

labels:

action_defs:

command_defs:

fact_defs:

struct_defs:
	Bar:
		f: struct Foo
	Fi:
		fum: struct Fum
	Foo:
	Fum:
		b: struct Bar
		f: struct Foo

enum_defs:

globals:

program memory:
	exit panic
