---
source: crates/aranya-policy-compiler/tests/tests.rs
expression: module
---
Module {
    version: "0",
    labels: {
        <fn 'ret_bar'>: 1,
    },
    action_defs: {},
    command_defs: {},
    fact_defs: {},
    struct_defs: {
        "Bar": [
            FieldDefinition {
                identifier: "s" @ 185..186,
                field_type: String @ 187..193,
            },
            FieldDefinition {
                identifier: "num" @ 148..151,
                field_type: Int @ 152..155,
            },
            FieldDefinition {
                identifier: "f" @ 157..158,
                field_type: Struct(
                    "Fum" @ 166..169,
                ) @ 159..169,
            },
        ],
        "Foo": [
            FieldDefinition {
                identifier: "s" @ 185..186,
                field_type: String @ 187..193,
            },
        ],
        "Fum": [
            FieldDefinition {
                identifier: "b" @ 120..121,
                field_type: Bool @ 122..126,
            },
        ],
    },
    enum_defs: {},
    globals: {},
    ..
}
---
    exit panic
<fn 'ret_bar'>:
    save SP
    struct.new 'Fum'
    const true
    struct.set 'b'
    def 'fum'
    struct.new 'Bar'
    const "s"
    struct.set 's'
    const 1
    struct.set 'num'
    get 'fum'
    struct.set 'f'
    restore SP
    return
    exit panic
