---
source: crates/aranya-policy-compiler/tests/tests.rs
expression: module
---
Module {
    version: "0",
    labels: {
        Label {
            name: "divide",
            ltype: Function,
        }: 169,
        Label {
            name: "divide0",
            ltype: Function,
        }: 211,
        Label {
            name: "double",
            ltype: Function,
        }: 81,
        Label {
            name: "is_odd",
            ltype: Function,
        }: 65,
        Label {
            name: "multiply",
            ltype: Function,
        }: 91,
        Label {
            name: "pow",
            ltype: Function,
        }: 1,
    },
    action_defs: NamedMap {
        set: {},
    },
    command_defs: NamedMap {
        set: {},
    },
    fact_defs: {},
    struct_defs: {
        "Division": [
            FieldDefinition {
                identifier: "d" @ 886..887,
                field_type: Int @ 888..891,
            },
            FieldDefinition {
                identifier: "q" @ 913..914,
                field_type: Int @ 915..918,
            },
            FieldDefinition {
                identifier: "r" @ 961..962,
                field_type: Int @ 963..966,
            },
        ],
    },
    enum_defs: {},
    globals: {},
    program memory: [
        Exit(
            Panic,
        ),
        Meta(
            Let(
                "n",
            ),
        ),
        Def(
            "n",
        ),
        Meta(
            Let(
                "x",
            ),
        ),
        Def(
            "x",
        ),
        SaveSP,
        Meta(
            Get(
                "n",
            ),
        ),
        Get(
            "n",
        ),
        Const(
            Int(
                0,
            ),
        ),
        Eq,
        Not,
        Branch(
            Resolved(
                18,
            ),
        ),
        Block,
        Const(
            Int(
                1,
            ),
        ),
        RestoreSP,
        Return,
        End,
        Jump(
            Resolved(
                18,
            ),
        ),
        Meta(
            Get(
                "n",
            ),
        ),
        Get(
            "n",
        ),
        Const(
            Int(
                1,
            ),
        ),
        Eq,
        Not,
        Branch(
            Resolved(
                31,
            ),
        ),
        Block,
        Meta(
            Get(
                "x",
            ),
        ),
        Get(
            "x",
        ),
        RestoreSP,
        Return,
        End,
        Jump(
            Resolved(
                31,
            ),
        ),
        Meta(
            Get(
                "n",
            ),
        ),
        Get(
            "n",
        ),
        Call(
            Resolved(
                65,
            ),
        ),
        Not,
        Branch(
            Resolved(
                54,
            ),
        ),
        Block,
        Meta(
            Get(
                "x",
            ),
        ),
        Get(
            "x",
        ),
        Meta(
            Get(
                "x",
            ),
        ),
        Get(
            "x",
        ),
        Call(
            Resolved(
                81,
            ),
        ),
        Meta(
            Get(
                "n",
            ),
        ),
        Get(
            "n",
        ),
        Const(
            Int(
                1,
            ),
        ),
        SaturatingSub,
        Const(
            Int(
                2,
            ),
        ),
        Call(
            Resolved(
                169,
            ),
        ),
        Call(
            Resolved(
                1,
            ),
        ),
        Call(
            Resolved(
                91,
            ),
        ),
        RestoreSP,
        Return,
        End,
        Jump(
            Resolved(
                54,
            ),
        ),
        Meta(
            Get(
                "x",
            ),
        ),
        Get(
            "x",
        ),
        Call(
            Resolved(
                81,
            ),
        ),
        Meta(
            Get(
                "n",
            ),
        ),
        Get(
            "n",
        ),
        Const(
            Int(
                2,
            ),
        ),
        Call(
            Resolved(
                169,
            ),
        ),
        Call(
            Resolved(
                1,
            ),
        ),
        RestoreSP,
        Return,
        Exit(
            Panic,
        ),
        Meta(
            Let(
                "x",
            ),
        ),
        Def(
            "x",
        ),
        SaveSP,
        Meta(
            Get(
                "x",
            ),
        ),
        Get(
            "x",
        ),
        Const(
            Int(
                2,
            ),
        ),
        Call(
            Resolved(
                169,
            ),
        ),
        Const(
            Int(
                2,
            ),
        ),
        Call(
            Resolved(
                91,
            ),
        ),
        Meta(
            Get(
                "x",
            ),
        ),
        Get(
            "x",
        ),
        Eq,
        Not,
        RestoreSP,
        Return,
        Exit(
            Panic,
        ),
        Meta(
            Let(
                "x",
            ),
        ),
        Def(
            "x",
        ),
        SaveSP,
        Meta(
            Get(
                "x",
            ),
        ),
        Get(
            "x",
        ),
        Const(
            Int(
                2,
            ),
        ),
        Call(
            Resolved(
                91,
            ),
        ),
        RestoreSP,
        Return,
        Exit(
            Panic,
        ),
        Meta(
            Let(
                "y",
            ),
        ),
        Def(
            "y",
        ),
        Meta(
            Let(
                "x",
            ),
        ),
        Def(
            "x",
        ),
        SaveSP,
        Meta(
            Get(
                "x",
            ),
        ),
        Get(
            "x",
        ),
        Const(
            Int(
                0,
            ),
        ),
        Eq,
        Not,
        Branch(
            Resolved(
                108,
            ),
        ),
        Block,
        Const(
            Int(
                0,
            ),
        ),
        RestoreSP,
        Return,
        End,
        Jump(
            Resolved(
                108,
            ),
        ),
        Meta(
            Get(
                "y",
            ),
        ),
        Get(
            "y",
        ),
        Const(
            Int(
                0,
            ),
        ),
        Eq,
        Not,
        Branch(
            Resolved(
                120,
            ),
        ),
        Block,
        Const(
            Int(
                0,
            ),
        ),
        RestoreSP,
        Return,
        End,
        Jump(
            Resolved(
                120,
            ),
        ),
        Meta(
            Get(
                "x",
            ),
        ),
        Get(
            "x",
        ),
        Const(
            Int(
                1,
            ),
        ),
        Eq,
        Not,
        Branch(
            Resolved(
                133,
            ),
        ),
        Block,
        Meta(
            Get(
                "y",
            ),
        ),
        Get(
            "y",
        ),
        RestoreSP,
        Return,
        End,
        Jump(
            Resolved(
                133,
            ),
        ),
        Meta(
            Get(
                "y",
            ),
        ),
        Get(
            "y",
        ),
        Const(
            Int(
                1,
            ),
        ),
        Eq,
        Not,
        Branch(
            Resolved(
                146,
            ),
        ),
        Block,
        Meta(
            Get(
                "x",
            ),
        ),
        Get(
            "x",
        ),
        RestoreSP,
        Return,
        End,
        Jump(
            Resolved(
                146,
            ),
        ),
        Meta(
            Get(
                "x",
            ),
        ),
        Get(
            "x",
        ),
        Meta(
            Get(
                "y",
            ),
        ),
        Get(
            "y",
        ),
        Add,
        Dup,
        Const(
            Option(
                None,
            ),
        ),
        Eq,
        Not,
        Branch(
            Resolved(
                157,
            ),
        ),
        Exit(
            Panic,
        ),
        Unwrap(
            Some,
        ),
        Meta(
            Get(
                "x",
            ),
        ),
        Get(
            "x",
        ),
        Meta(
            Get(
                "y",
            ),
        ),
        Get(
            "y",
        ),
        Const(
            Int(
                1,
            ),
        ),
        SaturatingSub,
        Call(
            Resolved(
                91,
            ),
        ),
        SaturatingAdd,
        RestoreSP,
        Return,
        Exit(
            Panic,
        ),
        Meta(
            Let(
                "y",
            ),
        ),
        Def(
            "y",
        ),
        Meta(
            Let(
                "x",
            ),
        ),
        Def(
            "x",
        ),
        SaveSP,
        Meta(
            Get(
                "y",
            ),
        ),
        Get(
            "y",
        ),
        Const(
            Int(
                0,
            ),
        ),
        Gt,
        Branch(
            Resolved(
                180,
            ),
        ),
        Exit(
            Check,
        ),
        Meta(
            Get(
                "x",
            ),
        ),
        Get(
            "x",
        ),
        Meta(
            Get(
                "y",
            ),
        ),
        Get(
            "y",
        ),
        Lt,
        Not,
        Branch(
            Resolved(
                193,
            ),
        ),
        Block,
        Const(
            Int(
                0,
            ),
        ),
        RestoreSP,
        Return,
        End,
        Jump(
            Resolved(
                193,
            ),
        ),
        StructNew(
            "Division",
        ),
        Meta(
            Get(
                "y",
            ),
        ),
        Get(
            "y",
        ),
        StructSet(
            "d",
        ),
        Const(
            Int(
                0,
            ),
        ),
        StructSet(
            "q",
        ),
        Meta(
            Get(
                "x",
            ),
        ),
        Get(
            "x",
        ),
        StructSet(
            "r",
        ),
        Call(
            Resolved(
                211,
            ),
        ),
        Meta(
            Let(
                "got",
            ),
        ),
        Def(
            "got",
        ),
        Meta(
            Get(
                "got",
            ),
        ),
        Get(
            "got",
        ),
        StructGet(
            "q",
        ),
        RestoreSP,
        Return,
        Exit(
            Panic,
        ),
        Meta(
            Let(
                "args",
            ),
        ),
        Def(
            "args",
        ),
        SaveSP,
        Meta(
            Get(
                "args",
            ),
        ),
        Get(
            "args",
        ),
        StructGet(
            "d",
        ),
        Meta(
            Let(
                "d",
            ),
        ),
        Def(
            "d",
        ),
        Meta(
            Get(
                "args",
            ),
        ),
        Get(
            "args",
        ),
        StructGet(
            "q",
        ),
        Meta(
            Let(
                "q",
            ),
        ),
        Def(
            "q",
        ),
        Meta(
            Get(
                "args",
            ),
        ),
        Get(
            "args",
        ),
        StructGet(
            "r",
        ),
        Meta(
            Let(
                "r",
            ),
        ),
        Def(
            "r",
        ),
        Meta(
            Get(
                "d",
            ),
        ),
        Get(
            "d",
        ),
        Const(
            Int(
                0,
            ),
        ),
        Gt,
        Branch(
            Resolved(
                235,
            ),
        ),
        Exit(
            Check,
        ),
        Meta(
            Get(
                "r",
            ),
        ),
        Get(
            "r",
        ),
        Meta(
            Get(
                "d",
            ),
        ),
        Get(
            "d",
        ),
        Lt,
        Not,
        Branch(
            Resolved(
                257,
            ),
        ),
        Block,
        StructNew(
            "Division",
        ),
        Meta(
            Get(
                "d",
            ),
        ),
        Get(
            "d",
        ),
        StructSet(
            "d",
        ),
        Meta(
            Get(
                "q",
            ),
        ),
        Get(
            "q",
        ),
        StructSet(
            "q",
        ),
        Meta(
            Get(
                "r",
            ),
        ),
        Get(
            "r",
        ),
        StructSet(
            "r",
        ),
        RestoreSP,
        Return,
        End,
        Jump(
            Resolved(
                257,
            ),
        ),
        StructNew(
            "Division",
        ),
        Meta(
            Get(
                "d",
            ),
        ),
        Get(
            "d",
        ),
        StructSet(
            "d",
        ),
        Meta(
            Get(
                "q",
            ),
        ),
        Get(
            "q",
        ),
        Const(
            Int(
                1,
            ),
        ),
        SaturatingAdd,
        StructSet(
            "q",
        ),
        Meta(
            Get(
                "r",
            ),
        ),
        Get(
            "r",
        ),
        Meta(
            Get(
                "d",
            ),
        ),
        Get(
            "d",
        ),
        SaturatingSub,
        StructSet(
            "r",
        ),
        Call(
            Resolved(
                211,
            ),
        ),
        RestoreSP,
        Return,
        Exit(
            Panic,
        ),
    ],
    ..
}
