---
source: crates/aranya-policy-compiler/tests/tests.rs
expression: module
---
Module {
    version: "0",
    labels: {
        Label {
            name: "f",
            ltype: Function,
        }: 1,
    },
    action_defs: NamedMap {
        set: {},
    },
    command_defs: NamedMap {
        set: {},
    },
    fact_defs: {},
    struct_defs: {},
    enum_defs: {},
    globals: {},
    program memory: [
        Exit(
            Panic,
        ),
        SaveSP,
        Block,
        Const(
            Int(
                1,
            ),
        ),
        Meta(
            Let(
                "x",
            ),
        ),
        Def(
            "x",
        ),
        Meta(
            Get(
                "x",
            ),
        ),
        Get(
            "x",
        ),
        End,
        Meta(
            Let(
                "x",
            ),
        ),
        Def(
            "x",
        ),
        Meta(
            Get(
                "x",
            ),
        ),
        Get(
            "x",
        ),
        RestoreSP,
        Return,
        Exit(
            Panic,
        ),
    ],
    ..
}
