---
source: crates/aranya-policy-compiler/tests/tests.rs
assertion_line: 205
expression: module
---
Module {
    version: "0",
    labels: {
        <action 'pets'>: 1,
    },
    action_defs: [
        ActionDef {
            name: "pets",
            persistence: Persistent,
            params: [],
            result_type: Unit,
        },
    ],
    command_defs: [],
    fact_defs: [
        FactDef {
            name: "Pet",
            key: [
                Field {
                    name: "name",
                    ty: String,
                },
            ],
            value: [
                Field {
                    name: "age",
                    ty: Int,
                },
            ],
            immutable: false,
        },
    ],
    struct_defs: [
        StructDef {
            name: "Pet",
            items: [
                Field {
                    name: "name",
                    ty: String,
                },
                Field {
                    name: "age",
                    ty: Int,
                },
            ],
        },
    ],
    enum_defs: [],
    globals: {},
    ..
}
---
    exit panic
<action 'pets'>:
    const 42
    def 'n'
    fact.new 'Pet'
    query.start
<5>:
    query.next 'p'
    dup
    is some
    not
    branch 26
    block
    unwrap some
    def 'p'
    get 'p'
    struct.get 'age'
    const 0
    gt
    branch 19
    exit panic
<19>:
    get 'n'
    const 42
    eq
    branch 24
    exit panic
<24>:
    end
    jump 5
<26>:
    pop
    return
