---
source: crates/aranya-policy-compiler/tests/tests.rs
expression: module
---
Module (version 0)

labels:
	action:pets -> 1

action_defs:
	pets:
		persistence: persistent
		params:

command_defs:

fact_defs:
	Pet (mutable)
		key:
			name: string
		value:
			age: int

struct_defs:
	Pet:
		name: string
		age: int

enum_defs:

globals:

program memory:
	exit panic
	const 42
	meta: Set `n`
	def n
	fact.new Pet
	query.start
	block
	query.next p
	branch 24
	meta: Get `p`
	get p
	struct.get age
	const 0
	gt
	branch 16
	exit check
	meta: Get `n`
	get n
	const 42
	eq
	branch 22
	exit check
	end
	jump 6
	end
	return
