---
source: crates/aranya-policy-lang/tests/tests.rs
expression: tokens
---
[
    (
        Function,
        0..8,
    ),
    (
        Identifier(
            "foo",
        ),
        9..12,
    ),
    (
        OpenParen,
        12..13,
    ),
    (
        Identifier(
            "x",
        ),
        13..14,
    ),
    (
        Identifier(
            "bytes",
        ),
        15..20,
    ),
    (
        CloseParen,
        20..21,
    ),
    (
        Identifier(
            "bytes",
        ),
        22..27,
    ),
    (
        OpenBrace,
        28..29,
    ),
    (
        Return,
        34..40,
    ),
    (
        Identifier(
            "x",
        ),
        41..42,
    ),
    (
        CloseBrace,
        43..44,
    ),
]
