---
source: crates/aranya-policy-lang/tests/tests.rs
expression: tokens
---
[
    (
        Struct,
        0..6,
    ),
    (
        Identifier(
            "Foo",
        ),
        7..10,
    ),
    (
        OpenBrace,
        11..12,
    ),
    (
        Identifier(
            "x",
        ),
        13..14,
    ),
    (
        Identifier(
            "int",
        ),
        15..18,
    ),
    (
        CloseBrace,
        19..20,
    ),
    (
        Effect,
        22..28,
    ),
    (
        Identifier(
            "Bar",
        ),
        29..32,
    ),
    (
        OpenBrace,
        33..34,
    ),
    (
        Plus,
        39..40,
    ),
    (
        Identifier(
            "Foo",
        ),
        40..43,
    ),
    (
        Comma,
        43..44,
    ),
    (
        Identifier(
            "y",
        ),
        49..50,
    ),
    (
        Identifier(
            "int",
        ),
        51..54,
    ),
    (
        CloseBrace,
        55..56,
    ),
]
