---
source: crates/aranya-policy-lang/tests/tests.rs
expression: ast
---
Policy {
    version: V2,
    ffi_imports: [],
    facts: [],
    actions: [
        ActionDefinition {
            persistence: Persistent,
            identifier: "foo" @ 32..35,
            arguments: [],
            return_type: Result(
                ResultTypeKind {
                    ok: Unit @ 45..49,
                    err: Unit @ 51..55,
                },
            ) @ 38..56,
            statements: [
                Let(
                    LetStatement {
                        identifier: "a" @ 67..68,
                        expression: Coalesce(
                            FunctionCall(
                                FunctionCall {
                                    identifier: "add" @ 71..74,
                                    arguments: [
                                        Identifier(
                                            "x" @ 75..76,
                                        ) @ 75..76,
                                        Int(
                                            1 @ 78..79,
                                        ) @ 78..79,
                                    ],
                                },
                            ) @ 71..80,
                            Return(
                                Err(
                                    Unit @ 95..99,
                                ) @ 91..100,
                            ) @ 84..105,
                        ) @ 71..105,
                    },
                ) @ 63..105,
                Let(
                    LetStatement {
                        identifier: "c" @ 109..110,
                        expression: Not(
                            Identifier(
                                "z" @ 114..115,
                            ) @ 114..115,
                        ) @ 113..115,
                    },
                ) @ 105..120,
                Emit(
                    NamedStruct(
                        NamedStruct {
                            identifier: "Bar" @ 125..128,
                            fields: [
                                (
                                    "a" @ 139..140,
                                    Identifier(
                                        "a" @ 142..143,
                                    ) @ 142..143,
                                ),
                                (
                                    "c" @ 153..154,
                                    Identifier(
                                        "c" @ 156..157,
                                    ) @ 156..157,
                                ),
                            ],
                            sources: [],
                            span: 125..164,
                        },
                    ) @ 125..164,
                ) @ 120..169,
                Return(
                    ReturnStatement {
                        expression: Ok(
                            Unit @ 179..183,
                        ) @ 176..184,
                    },
                ) @ 169..185,
            ],
            span: 25..186,
        },
    ],
    effects: [],
    structs: [],
    enums: [],
    commands: [],
    functions: [],
    finish_functions: [],
    global_lets: [
        GlobalLetStatement {
            identifier: "x" @ 4..5,
            expression: Int(
                42 @ 8..10,
            ) @ 8..10,
            span: 0..11,
        },
        GlobalLetStatement {
            identifier: "z" @ 15..16,
            expression: Bool(
                true,
            ) @ 19..23,
            span: 11..25,
        },
    ],
    text: "let x = 42\nlet z = true\n\naction foo() result[unit, unit] {\n    let a = add(x, 1) or return Err(Unit)\n    let c = !z\n    emit Bar {\n        a: a,\n        c: c,\n    }\n    return Ok(Unit)\n}\n",
}
