---
source: crates/aranya-policy-lang/tests/tests.rs
expression: ast
---
Policy {
    version: V2,
    ffi_imports: [],
    facts: [
        FactDefinition {
            immutable: false,
            identifier: "Foo" @ 5..8,
            key: [
                FieldDefinition {
                    identifier: "i" @ 9..10,
                    field_type: Int @ 12..15,
                },
            ],
            value: [
                FieldDefinition {
                    identifier: "n" @ 19..20,
                    field_type: Int @ 22..25,
                },
            ],
            span: 0..26,
        },
    ],
    actions: [
        ActionDefinition {
            persistence: Persistent,
            identifier: "foo" @ 34..37,
            arguments: [],
            return_type: Unit @ 0..0,
            statements: [
                Map(
                    MapStatement {
                        fact: FactLiteral {
                            identifier: "Foo" @ 50..53,
                            key_fields: [
                                (
                                    "i" @ 54..55,
                                    Expression(
                                        Int(
                                            1 @ 56..57,
                                        ) @ 56..57,
                                    ),
                                ),
                            ],
                            value_fields: None,
                        },
                        identifier: "f" @ 62..63,
                        statements: [
                            FunctionCall(
                                FunctionCall {
                                    identifier: "process" @ 74..81,
                                    arguments: [
                                        Identifier(
                                            "f" @ 82..83,
                                        ) @ 82..83,
                                    ],
                                },
                            ) @ 74..84,
                        ],
                    },
                ) @ 46..90,
            ],
            span: 27..92,
        },
    ],
    effects: [],
    structs: [],
    enums: [],
    commands: [],
    base_commands: [],
    functions: [],
    finish_functions: [],
    global_lets: [],
    text: "fact Foo[i: int]=>{n: int}\naction foo() {\n    map Foo[i:1] as f {\n        process(f)\n    }\n}\n",
}
