---
source: crates/aranya-policy-lang/tests/tests.rs
expression: err
---
error: Invalid operator
  |
2 |       return 3 - 4
  |  ____________^
3 | | }
  | |_^ found `-`, subtraction now uses functions `sub` or `saturating_sub`
  |
help: you might have meant to use an arithmetic function
  |
2 -     return 3 - 4
2 +     return saturating_sub(3, 4)
  |
2 -     return 3 - 4
2 +     return sub(3, 4)
  |
