---
source: crates/aranya-policy-lang/tests/tests.rs
expression: ast
---
Policy {
    version: V2,
    ffi_imports: [],
    facts: [],
    actions: [],
    effects: [],
    structs: [
        StructDefinition {
            identifier: "Foo" @ 7..10,
            items: [
                Field(
                    FieldDefinition {
                        identifier: "x" @ 17..18,
                        field_type: Int @ 20..23,
                    },
                ),
            ],
            span: 0..25,
        },
    ],
    enums: [],
    commands: [],
    base_commands: [],
    functions: [
        FunctionDefinition {
            identifier: "convert" @ 36..43,
            arguments: [
                Param {
                    name: "foo" @ 44..47,
                    ty: Struct(
                        "Foo" @ 56..59,
                    ) @ 49..59,
                },
            ],
            return_type: Struct(
                "Bar" @ 68..71,
            ) @ 61..71,
            statements: [
                Return(
                    ReturnStatement {
                        expression: NamedStruct(
                            NamedStruct {
                                identifier: "Bar" @ 85..88,
                                fields: [
                                    (
                                        "y" @ 91..92,
                                        Dot(
                                            Identifier(
                                                "foo" @ 94..97,
                                            ) @ 94..97,
                                            "x" @ 98..99,
                                        ) @ 94..99,
                                    ),
                                ],
                                sources: [
                                    "baz" @ 104..107,
                                    "thud" @ 112..116,
                                ],
                                span: 85..118,
                            },
                        ) @ 85..118,
                    },
                ) @ 78..119,
            ],
            span: 27..120,
        },
    ],
    finish_functions: [],
    global_lets: [],
    text: "struct Foo {\n    x: int\n}\n\nfunction convert(foo: struct Foo) struct Bar {\n    return Bar { y: foo.x, ...baz, ...thud }\n}\n",
}
