---
source: crates/aranya-policy-compiler/tests/tests.rs
expression: module
---
Module {
    version: "0",
    labels: {
        Label {
            name: "f",
            ltype: Function,
        }: 1,
    },
    action_defs: {},
    command_defs: {},
    fact_defs: {},
    struct_defs: {},
    enum_defs: {},
    globals: {},
    program memory: 
    	exit panic
    	save SP
    	const None
    	is some
    	restore SP
    	return
    	exit panic
    ,
    ..
}
